------------------------------------------------------------
TimeQuest Timing Analyzer Summary
------------------------------------------------------------

Type  : Slow 1100mV 85C Model Setup 'clk'
Slack : -3.102
TNS   : -3.102

Type  : Slow 1100mV 85C Model Hold 'clk'
Slack : -2.004
TNS   : -2.004

Type  : Slow 1100mV 85C Model Minimum Pulse Width 'clk'
Slack : -0.724
TNS   : -1.130

Type  : Slow 1100mV 0C Model Setup 'clk'
Slack : -3.050
TNS   : -3.050

Type  : Slow 1100mV 0C Model Hold 'clk'
Slack : -2.047
TNS   : -2.047

Type  : Slow 1100mV 0C Model Minimum Pulse Width 'clk'
Slack : -0.724
TNS   : -1.132

Type  : Fast 1100mV 85C Model Setup 'clk'
Slack : -0.828
TNS   : -0.828

Type  : Fast 1100mV 85C Model Hold 'clk'
Slack : -0.809
TNS   : -0.809

Type  : Fast 1100mV 85C Model Minimum Pulse Width 'clk'
Slack : -0.254
TNS   : -0.254

Type  : Fast 1100mV 0C Model Setup 'clk'
Slack : -0.788
TNS   : -0.788

Type  : Fast 1100mV 0C Model Hold 'clk'
Slack : -0.832
TNS   : -0.832

Type  : Fast 1100mV 0C Model Minimum Pulse Width 'clk'
Slack : -0.263
TNS   : -0.263

------------------------------------------------------------
